{
  "config": {
    "configFile": "/home/shiv/.treehouse/educa-7c556a/1/educa/app/playwright.quality.local.config.ts",
    "rootDir": "/home/shiv/.treehouse/educa-7c556a/1/educa/app/tests/e2e",
    "forbidOnly": false,
    "fullyParallel": false,
    "globalSetup": "/home/shiv/.treehouse/educa-7c556a/1/educa/app/tests/e2e/global-setup.ts",
    "globalTeardown": null,
    "globalTimeout": 0,
    "grep": {},
    "grepInvert": null,
    "maxFailures": 1,
    "metadata": {
      "actualWorkers": 1
    },
    "preserveOutput": "always",
    "reporter": [
      [
        "line"
      ],
      [
        "json"
      ]
    ],
    "reportSlowTests": {
      "max": 5,
      "threshold": 300000
    },
    "quiet": false,
    "projects": [
      {
        "outputDir": "/home/shiv/.treehouse/educa-7c556a/1/educa/app/test-results",
        "repeatEach": 1,
        "retries": 0,
        "metadata": {
          "actualWorkers": 1
        },
        "id": "setup",
        "name": "setup",
        "testDir": "/home/shiv/.treehouse/educa-7c556a/1/educa/app/tests/e2e",
        "testIgnore": [],
        "testMatch": [
          "**/auth.setup.ts"
        ],
        "timeout": 30000
      },
      {
        "outputDir": "/home/shiv/.treehouse/educa-7c556a/1/educa/app/test-results",
        "repeatEach": 1,
        "retries": 0,
        "metadata": {
          "actualWorkers": 1
        },
        "id": "chromium-unauth",
        "name": "chromium-unauth",
        "testDir": "/home/shiv/.treehouse/educa-7c556a/1/educa/app/tests/e2e",
        "testIgnore": [],
        "testMatch": [
          "/.*\\/(auth)\\/.*/"
        ],
        "timeout": 30000
      },
      {
        "outputDir": "/home/shiv/.treehouse/educa-7c556a/1/educa/app/test-results",
        "repeatEach": 1,
        "retries": 0,
        "metadata": {
          "actualWorkers": 1
        },
        "id": "chromium",
        "name": "chromium",
        "testDir": "/home/shiv/.treehouse/educa-7c556a/1/educa/app/tests/e2e",
        "testIgnore": [
          "/.*\\/(auth|pilot|pilot-descriptive|public-demo)\\/.*/",
          "**/grades/entry.spec.ts",
          "**/grades/report-card.spec.ts"
        ],
        "testMatch": [
          "**/*.@(spec|test).?(c|m)[jt]s?(x)"
        ],
        "timeout": 30000
      }
    ],
    "shard": null,
    "tags": [],
    "updateSnapshots": "missing",
    "updateSourceMethod": "patch",
    "version": "1.57.0",
    "workers": 1,
    "webServer": null
  },
  "suites": [
    {
      "title": "auth.setup.ts",
      "file": "auth.setup.ts",
      "column": 0,
      "line": 0,
      "specs": [
        {
          "title": "authenticate as admin",
          "ok": true,
          "tags": [],
          "tests": [
            {
              "timeout": 30000,
              "annotations": [],
              "expectedStatus": "passed",
              "projectId": "setup",
              "projectName": "setup",
              "results": [
                {
                  "workerIndex": 0,
                  "parallelIndex": 0,
                  "status": "passed",
                  "duration": 111,
                  "errors": [],
                  "stdout": [],
                  "stderr": [],
                  "retry": 0,
                  "startTime": "2026-09-17T11:14:13.808Z",
                  "annotations": [],
                  "attachments": []
                }
              ],
              "status": "expected"
            }
          ],
          "id": "17e3fe6f4d9d8bd79c6b-1580989d32f149e984ed",
          "file": "auth.setup.ts",
          "line": 124,
          "column": 8
        },
        {
          "title": "authenticate all roles",
          "ok": true,
          "tags": [],
          "tests": [
            {
              "timeout": 30000,
              "annotations": [],
              "expectedStatus": "passed",
              "projectId": "setup",
              "projectName": "setup",
              "results": [
                {
                  "workerIndex": 0,
                  "parallelIndex": 0,
                  "status": "passed",
                  "duration": 1756,
                  "errors": [],
                  "stdout": [],
                  "stderr": [],
                  "retry": 0,
                  "startTime": "2026-09-17T11:14:14.069Z",
                  "annotations": [],
                  "attachments": []
                }
              ],
              "status": "expected"
            }
          ],
          "id": "17e3fe6f4d9d8bd79c6b-907d75c9b0b21b12872d",
          "file": "auth.setup.ts",
          "line": 172,
          "column": 8
        }
      ]
    },
    {
      "title": "assignments/teacher.spec.ts",
      "file": "assignments/teacher.spec.ts",
      "column": 0,
      "line": 0,
      "specs": [],
      "suites": [
        {
          "title": "Professor titular por turma",
          "file": "assignments/teacher.spec.ts",
          "line": 7,
          "column": 6,
          "specs": [
            {
              "title": "F09 titular persists after reload and rejects a foreign-school teacher",
              "ok": false,
              "tags": [],
              "tests": [
                {
                  "timeout": 30000,
                  "annotations": [],
                  "expectedStatus": "passed",
                  "projectId": "chromium",
                  "projectName": "chromium",
                  "results": [
                    {
                      "workerIndex": 1,
                      "parallelIndex": 0,
                      "status": "failed",
                      "duration": 2712,
                      "error": {
                        "message": "Error: \u001b[2mexpect(\u001b[22m\u001b[31mreceived\u001b[39m\u001b[2m).\u001b[22mtoEqual\u001b[2m(\u001b[22m\u001b[32mexpected\u001b[39m\u001b[2m) // deep equality\u001b[22m\n\n\u001b[32m- Expected  - 0\u001b[39m\n\u001b[31m+ Received  + 5\u001b[39m\n\n\u001b[33m@@ -4,10 +4,15 @@\u001b[39m\n\u001b[2m      \"fingerprint\": \"46d536428d040d827d277e06025a2533\",\u001b[22m\n\u001b[2m      \"id\": \"26bb899f-c50f-4166-a2f3-d31d14e6c607\",\u001b[22m\n\u001b[2m    },\u001b[22m\n\u001b[2m    Object {\u001b[22m\n\u001b[2m      \"escola_id\": \"e1900741-779d-4945-96c4-4180319e2012\",\u001b[22m\n\u001b[31m+     \"fingerprint\": \"eaf6cb959745d29b9c6e56562afecb2f\",\u001b[39m\n\u001b[31m+     \"id\": \"615c1f4b-43f8-436c-9042-a32e4f4f801a\",\u001b[39m\n\u001b[31m+   },\u001b[39m\n\u001b[31m+   Object {\u001b[39m\n\u001b[31m+     \"escola_id\": \"e1900741-779d-4945-96c4-4180319e2012\",\u001b[39m\n\u001b[2m      \"fingerprint\": \"a8e968ec549f29ca9930961ea0869d6d\",\u001b[22m\n\u001b[2m      \"id\": \"d7ce7abe-63f9-4b15-bfd2-754d79e4ea84\",\u001b[22m\n\u001b[2m    },\u001b[22m\n\u001b[2m    Object {\u001b[22m\n\u001b[2m      \"escola_id\": \"e1900741-779d-4945-96c4-4180319e2012\",\u001b[22m",
                        "stack": "Error: \u001b[2mexpect(\u001b[22m\u001b[31mreceived\u001b[39m\u001b[2m).\u001b[22mtoEqual\u001b[2m(\u001b[22m\u001b[32mexpected\u001b[39m\u001b[2m) // deep equality\u001b[22m\n\n\u001b[32m- Expected  - 0\u001b[39m\n\u001b[31m+ Received  + 5\u001b[39m\n\n\u001b[33m@@ -4,10 +4,15 @@\u001b[39m\n\u001b[2m      \"fingerprint\": \"46d536428d040d827d277e06025a2533\",\u001b[22m\n\u001b[2m      \"id\": \"26bb899f-c50f-4166-a2f3-d31d14e6c607\",\u001b[22m\n\u001b[2m    },\u001b[22m\n\u001b[2m    Object {\u001b[22m\n\u001b[2m      \"escola_id\": \"e1900741-779d-4945-96c4-4180319e2012\",\u001b[22m\n\u001b[31m+     \"fingerprint\": \"eaf6cb959745d29b9c6e56562afecb2f\",\u001b[39m\n\u001b[31m+     \"id\": \"615c1f4b-43f8-436c-9042-a32e4f4f801a\",\u001b[39m\n\u001b[31m+   },\u001b[39m\n\u001b[31m+   Object {\u001b[39m\n\u001b[31m+     \"escola_id\": \"e1900741-779d-4945-96c4-4180319e2012\",\u001b[39m\n\u001b[2m      \"fingerprint\": \"a8e968ec549f29ca9930961ea0869d6d\",\u001b[22m\n\u001b[2m      \"id\": \"d7ce7abe-63f9-4b15-bfd2-754d79e4ea84\",\u001b[22m\n\u001b[2m    },\u001b[22m\n\u001b[2m    Object {\u001b[22m\n\u001b[2m      \"escola_id\": \"e1900741-779d-4945-96c4-4180319e2012\",\u001b[22m\n    at /home/shiv/.treehouse/educa-7c556a/1/educa/app/tests/e2e/assignments/teacher.spec.ts:77:54",
                        "location": {
                          "file": "/home/shiv/.treehouse/educa-7c556a/1/educa/app/tests/e2e/assignments/teacher.spec.ts",
                          "column": 54,
                          "line": 77
                        },
                        "snippet": "  75 |       const audit = await readEntityAudit(fixture.turmaId)\n  76 |       await fixture.cleanup()\n> 77 |       expect(await readEntityAudit(fixture.turmaId)).toEqual(audit)\n     |                                                      ^\n  78 |       await testInfo.attach('f09-titular-cleanup.json', {\n  79 |         body: JSON.stringify({ turmaId: fixture.turmaId, teacherIds: [fixture.teacherId, fixture.foreignTeacherId], removed: true, retainedAudit: audit }),\n  80 |         contentType: 'application/json',"
                      },
                      "errors": [
                        {
                          "location": {
                            "file": "/home/shiv/.treehouse/educa-7c556a/1/educa/app/tests/e2e/assignments/teacher.spec.ts",
                            "column": 54,
                            "line": 77
                          },
                          "message": "Error: \u001b[2mexpect(\u001b[22m\u001b[31mreceived\u001b[39m\u001b[2m).\u001b[22mtoEqual\u001b[2m(\u001b[22m\u001b[32mexpected\u001b[39m\u001b[2m) // deep equality\u001b[22m\n\n\u001b[32m- Expected  - 0\u001b[39m\n\u001b[31m+ Received  + 5\u001b[39m\n\n\u001b[33m@@ -4,10 +4,15 @@\u001b[39m\n\u001b[2m      \"fingerprint\": \"46d536428d040d827d277e06025a2533\",\u001b[22m\n\u001b[2m      \"id\": \"26bb899f-c50f-4166-a2f3-d31d14e6c607\",\u001b[22m\n\u001b[2m    },\u001b[22m\n\u001b[2m    Object {\u001b[22m\n\u001b[2m      \"escola_id\": \"e1900741-779d-4945-96c4-4180319e2012\",\u001b[22m\n\u001b[31m+     \"fingerprint\": \"eaf6cb959745d29b9c6e56562afecb2f\",\u001b[39m\n\u001b[31m+     \"id\": \"615c1f4b-43f8-436c-9042-a32e4f4f801a\",\u001b[39m\n\u001b[31m+   },\u001b[39m\n\u001b[31m+   Object {\u001b[39m\n\u001b[31m+     \"escola_id\": \"e1900741-779d-4945-96c4-4180319e2012\",\u001b[39m\n\u001b[2m      \"fingerprint\": \"a8e968ec549f29ca9930961ea0869d6d\",\u001b[22m\n\u001b[2m      \"id\": \"d7ce7abe-63f9-4b15-bfd2-754d79e4ea84\",\u001b[22m\n\u001b[2m    },\u001b[22m\n\u001b[2m    Object {\u001b[22m\n\u001b[2m      \"escola_id\": \"e1900741-779d-4945-96c4-4180319e2012\",\u001b[22m\n\n  75 |       const audit = await readEntityAudit(fixture.turmaId)\n  76 |       await fixture.cleanup()\n> 77 |       expect(await readEntityAudit(fixture.turmaId)).toEqual(audit)\n     |                                                      ^\n  78 |       await testInfo.attach('f09-titular-cleanup.json', {\n  79 |         body: JSON.stringify({ turmaId: fixture.turmaId, teacherIds: [fixture.teacherId, fixture.foreignTeacherId], removed: true, retainedAudit: audit }),\n  80 |         contentType: 'application/json',\n    at /home/shiv/.treehouse/educa-7c556a/1/educa/app/tests/e2e/assignments/teacher.spec.ts:77:54"
                        }
                      ],
                      "stdout": [],
                      "stderr": [],
                      "retry": 0,
                      "startTime": "2026-09-17T11:14:16.294Z",
                      "annotations": [],
                      "attachments": [
                        {
                          "name": "screenshot",
                          "contentType": "image/png",
                          "path": "/home/shiv/.treehouse/educa-7c556a/1/educa/app/test-results/assignments-teacher-Profes-43507-ts-a-foreign-school-teacher-chromium/test-failed-1.png"
                        },
                        {
                          "name": "error-context",
                          "contentType": "text/markdown",
                          "path": "/home/shiv/.treehouse/educa-7c556a/1/educa/app/test-results/assignments-teacher-Profes-43507-ts-a-foreign-school-teacher-chromium/error-context.md"
                        }
                      ],
                      "errorLocation": {
                        "file": "/home/shiv/.treehouse/educa-7c556a/1/educa/app/tests/e2e/assignments/teacher.spec.ts",
                        "column": 54,
                        "line": 77
                      }
                    }
                  ],
                  "status": "unexpected"
                }
              ],
              "id": "3b596e37cd90cc908ce1-f31f31ed93aa94ada769",
              "file": "assignments/teacher.spec.ts",
              "line": 34,
              "column": 7
            }
          ]
        }
      ]
    },
    {
      "title": "flows/dashboard-metrics.spec.ts",
      "file": "flows/dashboard-metrics.spec.ts",
      "column": 0,
      "line": 0,
      "specs": [],
      "suites": [
        {
          "title": "Dashboard - Stat Cards",
          "file": "flows/dashboard-metrics.spec.ts",
          "line": 28,
          "column": 6,
          "specs": [
            {
              "title": "F09 exact metrics survive school changes and reloads in two academic years",
              "ok": true,
              "tags": [],
              "tests": [
                {
                  "timeout": 30000,
                  "annotations": [],
                  "expectedStatus": "passed",
                  "projectId": "chromium",
                  "projectName": "chromium",
                  "results": [],
                  "status": "skipped"
                }
              ],
              "id": "98a68ca360bf88cccb34-3ef4001ee9f933f2ff79",
              "file": "flows/dashboard-metrics.spec.ts",
              "line": 50,
              "column": 7
            },
            {
              "title": "F09 a failed dashboard query is not presented as valid zero metrics",
              "ok": true,
              "tags": [],
              "tests": [
                {
                  "timeout": 30000,
                  "annotations": [],
                  "expectedStatus": "passed",
                  "projectId": "chromium",
                  "projectName": "chromium",
                  "results": [],
                  "status": "skipped"
                }
              ],
              "id": "98a68ca360bf88cccb34-aa2d04705197b4f31607",
              "file": "flows/dashboard-metrics.spec.ts",
              "line": 91,
              "column": 7
            }
          ]
        }
      ]
    },
    {
      "title": "matriculas/enrollment.spec.ts",
      "file": "matriculas/enrollment.spec.ts",
      "column": 0,
      "line": 0,
      "specs": [],
      "suites": [
        {
          "title": "Enrollment mutations",
          "file": "matriculas/enrollment.spec.ts",
          "line": 235,
          "column": 6,
          "specs": [
            {
              "title": "F09 cancellation persists after reload and invalid reactivation is denied",
              "ok": true,
              "tags": [],
              "tests": [
                {
                  "timeout": 30000,
                  "annotations": [],
                  "expectedStatus": "passed",
                  "projectId": "chromium",
                  "projectName": "chromium",
                  "results": [],
                  "status": "skipped"
                }
              ],
              "id": "f0f10e6810edd7288675-77ca8f9faa9a76fc72e7",
              "file": "matriculas/enrollment.spec.ts",
              "line": 236,
              "column": 7
            }
          ]
        }
      ]
    }
  ],
  "errors": [
    {
      "message": "\u001b[31mTesting stopped early after 1 maximum allowed failures.\u001b[39m"
    }
  ],
  "stats": {
    "startTime": "2026-09-17T11:14:12.330Z",
    "duration": 6855.642,
    "expected": 2,
    "skipped": 3,
    "unexpected": 1,
    "flaky": 0
  }
}