(node:2130682) [DEP0169] DeprecationWarning: `url.parse()` behavior is not standardized and prone to errors that have security implications. Use the WHATWG URL API instead. CVEs are not issued for `url.parse()` vulnerabilities.
(Use `node --trace-deprecation ...` to show where the warning was created)
Lockfile is up to date, resolution step is skipped
Progress: resolved 1, reused 0, downloaded 0, added 0
Packages: +1164
++++++++++++++++++++++++++++++++++++++++++++++++++++++++++++++++++++++++++++++++
Progress: resolved 1164, reused 0, downloaded 0, added 0
Progress: resolved 1164, reused 0, downloaded 40, added 28
Progress: resolved 1164, reused 0, downloaded 112, added 104
Progress: resolved 1164, reused 0, downloaded 168, added 158
Progress: resolved 1164, reused 0, downloaded 197, added 188
Progress: resolved 1164, reused 0, downloaded 211, added 201
Progress: resolved 1164, reused 0, downloaded 239, added 229
Progress: resolved 1164, reused 0, downloaded 255, added 247
Progress: resolved 1164, reused 0, downloaded 263, added 253
Progress: resolved 1164, reused 0, downloaded 280, added 277
Progress: resolved 1164, reused 0, downloaded 291, added 281
Progress: resolved 1164, reused 0, downloaded 292, added 281
Progress: resolved 1164, reused 0, downloaded 304, added 293
Progress: resolved 1164, reused 0, downloaded 345, added 339
Progress: resolved 1164, reused 0, downloaded 388, added 382
Progress: resolved 1164, reused 0, downloaded 405, added 397
Progress: resolved 1164, reused 0, downloaded 408, added 399
Progress: resolved 1164, reused 0, downloaded 422, added 411
Progress: resolved 1164, reused 0, downloaded 465, added 460
Progress: resolved 1164, reused 0, downloaded 508, added 500
Progress: resolved 1164, reused 0, downloaded 551, added 546
Progress: resolved 1164, reused 0, downloaded 624, added 617
Progress: resolved 1164, reused 0, downloaded 722, added 717
Progress: resolved 1164, reused 0, downloaded 841, added 832
Progress: resolved 1164, reused 0, downloaded 877, added 871
Progress: resolved 1164, reused 0, downloaded 951, added 952
Progress: resolved 1164, reused 0, downloaded 1046, added 1046
Progress: resolved 1164, reused 0, downloaded 1121, added 1123
Progress: resolved 1164, reused 0, downloaded 1157, added 1159
Progress: resolved 1164, reused 0, downloaded 1160, added 1162
Progress: resolved 1164, reused 0, downloaded 1161, added 1162
Progress: resolved 1164, reused 0, downloaded 1161, added 1163
Progress: resolved 1164, reused 0, downloaded 1162, added 1163
Progress: resolved 1164, reused 0, downloaded 1162, added 1164, done
.../core-js@3.47.0/node_modules/core-js postinstall$ node -e "try{require('./postinstall')}catch(e){}"
.../node_modules/@parcel/watcher install$ node scripts/build-from-source.js
.../core-js@3.47.0/node_modules/core-js postinstall: Thank you for using core-js ( https://github.com/zloirock/core-js ) for polyfilling JavaScript standard library!
.../core-js@3.47.0/node_modules/core-js postinstall: The project needs your help! Please consider supporting core-js:
.../core-js@3.47.0/node_modules/core-js postinstall: > https://opencollective.com/core-js
.../core-js@3.47.0/node_modules/core-js postinstall: > https://patreon.com/zloirock
.../core-js@3.47.0/node_modules/core-js postinstall: > https://boosty.to/zloirock
.../core-js@3.47.0/node_modules/core-js postinstall: > bitcoin: bc1qlea7544qtsmj2rayg0lthvza9fau63ux0fstcz
.../core-js@3.47.0/node_modules/core-js postinstall: I highly recommend reading this: https://github.com/zloirock/core-js/blob/master/docs/2023-02-14-so-whats-next.md
.../core-js@3.47.0/node_modules/core-js postinstall: Done
.../node_modules/unrs-resolver postinstall$ napi-postinstall unrs-resolver 1.11.1 check
.../esbuild@0.28.1/node_modules/esbuild postinstall$ node install.js
.../esbuild@0.27.0/node_modules/esbuild postinstall$ node install.js
.../node_modules/unrs-resolver postinstall: Done
.../node_modules/@parcel/watcher install: Done
.../esbuild@0.28.1/node_modules/esbuild postinstall: Done
.../node_modules/@swc/core postinstall$ node postinstall.js
.../esbuild@0.27.0/node_modules/esbuild postinstall: Done
.../node_modules/@swc/core postinstall: Done

dependencies:
+ @headlessui/react 2.2.9
+ @hookform/resolvers 5.2.2
+ @radix-ui/react-accordion 1.2.12
+ @radix-ui/react-alert-dialog 1.1.15
+ @radix-ui/react-avatar 1.1.11
+ @radix-ui/react-checkbox 1.3.3
+ @radix-ui/react-dialog 1.1.15
+ @radix-ui/react-dropdown-menu 2.1.16
+ @radix-ui/react-label 2.1.8
+ @radix-ui/react-popover 1.1.15
+ @radix-ui/react-progress 1.1.8
+ @radix-ui/react-scroll-area 1.2.10
+ @radix-ui/react-select 2.2.6
+ @radix-ui/react-separator 1.1.8
+ @radix-ui/react-slot 1.2.4
+ @radix-ui/react-switch 1.2.6
+ @radix-ui/react-tabs 1.1.13
+ @radix-ui/react-toast 1.2.15
+ @radix-ui/react-tooltip 1.2.8
+ @supabase/ssr 0.7.0
+ @supabase/supabase-js 2.90.1
+ @tanstack/react-query 5.90.19
+ class-variance-authority 0.7.1
+ clsx 2.1.1
+ cmdk 1.1.1
+ date-fns 4.1.0
+ exceljs 4.4.0
+ file-saver 2.0.5
+ jspdf 4.2.1
+ jspdf-autotable 5.0.8
+ lucide-react 0.446.0
+ next 16.3.0
+ next-intl 4.13.7
+ next-mdx-remote 6.0.0
+ next-themes 0.4.6
+ react 19.2.3
+ react-day-picker 9.13.0
+ react-dom 19.2.3
+ react-hook-form 7.70.0
+ remark-gfm 4.0.1
+ sonner 2.0.7
+ tailwind-merge 2.6.0
+ tailwindcss 3.3.3
+ tailwindcss-animate 1.0.7
+ zod 3.25.76

devDependencies:
+ @next/bundle-analyzer 16.3.0
+ @oxlint/plugins 1.80.0
+ @playwright/test 1.57.0
+ @testing-library/dom 10.4.1
+ @testing-library/jest-dom 6.9.1
+ @testing-library/react 16.3.1
+ @testing-library/user-event 14.6.1
+ @types/file-saver 2.0.7
+ @types/node 25.0.3
+ @types/pg 8.20.0
+ @types/react 19.2.7
+ @types/react-dom 19.2.3
+ @vitejs/plugin-react 4.7.0
+ @vitest/coverage-v8 4.1.10
+ autoprefixer 10.4.23
+ eslint 9.39.2
+ eslint-config-next 16.3.0
+ jsdom 26.1.0
+ knip 5.82.1
+ oxlint 1.80.0
+ pg 8.22.0
+ postcss 8.5.25
+ supabase 2.111.0
+ tsx 4.21.0
+ typedoc 0.28.20
+ typescript 5.9.3
+ typescript-eslint 8.53.1
+ vercel 58.4.4
+ vite 7.3.5
+ vite-tsconfig-paths 5.1.4
+ vitest 4.1.10

Done in 42.2s
