
> educa@1.0.0 lint /root/.treehouse/educa-7c556a/1/educa/app
> pnpm lint:oxlint && pnpm lint:eslint


> educa@1.0.0 lint:oxlint /root/.treehouse/educa-7c556a/1/educa/app
> node tools/oxlint/run-oxlint.mjs


> educa@1.0.0 lint:eslint /root/.treehouse/educa-7c556a/1/educa/app
> eslint . --max-warnings 0


/root/.treehouse/educa-7c556a/1/educa/app/components/reports/NarrativeSources.tsx
  27:5  error  Error: Calling setState synchronously within an effect can trigger cascading renders

Effects are intended to synchronize state between React and external systems such as manually updating the DOM, state management libraries, or other platform APIs. In general, the body of an effect should do one or both of the following:
* Update external systems with the latest state from React.
* Subscribe for updates from some external system, calling setState in a callback function when external state changes.

Calling setState synchronously within an effect body causes cascading renders that can hurt performance, and is not recommended. (https://react.dev/learn/you-might-not-need-an-effect).

/root/.treehouse/educa-7c556a/1/educa/app/components/reports/NarrativeSources.tsx:27:5
  25 |     let active = true
  26 |     onReady(false)
> 27 |     setPreview(null)
     |     ^^^^^^^^^^ Avoid calling setState() directly within an effect
  28 |     setError('')
  29 |     async function load() {
  30 |       try {  react-hooks/set-state-in-effect

✖ 1 problem (1 error, 0 warnings)

 ELIFECYCLE  Command failed with exit code 1.
 ELIFECYCLE  Command failed with exit code 1.
