PILOT_PORT_RANGE_LEASE_EXTERNAL: base=63260 end=63269 lease_dir=/run/user/1000/educa-pilot-port-leases/63260
PILOT_LEGACY_MANIFEST_RECEIPT: setup=1 shared_specs=8 tests=25 run_tests=26 capacity=false descriptive=false r1_canonical=false
PILOT_LEGACY_BUILD_RECEIPT: status=pass
PILOT_LEGACY_BROWSER_SETUP_RECEIPT: named_url=true numbered_port=false
PILOT_LEGACY_SETUP_RECEIPT: isolated_local_supabase=true named_url_ready=true synthetic_only=true external_deploy=false legal=not_approved
PILOT_LEGACY_E2E_FAILED: phase=browser status=1

Running 26 tests using 1 worker

[1A[2K(node:530984) Warning: The 'NO_COLOR' env is ignored due to the 'FORCE_COLOR' env being set.
(Use `node --trace-warnings ...` to show where the warning was created)


[1A[2K(node:530984) Warning: The 'NO_COLOR' env is ignored due to the 'FORCE_COLOR' env being set.
(Use `node --trace-warnings ...` to show where the warning was created)


[1A[2K[1/26] [legacy-setup] › tests/e2e/auth.setup.ts:37:8 › authenticate
[1A[2K  1) [legacy-setup] › tests/e2e/auth.setup.ts:37:8 › authenticate ──────────────────────────────────

    Error: browserType.launch: Executable doesn't exist at /home/shiv/.cache/ms-playwright/chromium_headless_shell-1200/chrome-headless-shell-linux64/chrome-headless-shell
    ╔═════════════════════════════════════════════════════════════════════════╗
    ║ Looks like Playwright Test or Playwright was just installed or updated. ║
    ║ Please run the following command to download new browsers:              ║
    ║                                                                         ║
    ║     pnpm exec playwright install                                        ║
    ║                                                                         ║
    ║ <3 Playwright Team                                                      ║
    ╚═════════════════════════════════════════════════════════════════════════╝


[1A[2K  1 failed
    [legacy-setup] › tests/e2e/auth.setup.ts:37:8 › authenticate ───────────────────────────────────
  25 did not run
PILOT_LEGACY_CLEANUP_RECEIPT: app_stopped=true named_route_removed=true database_stopped=true auth_state_removed=true isolated_removed=true result=pass receipt=/home/shiv/.treehouse/EDUCA-7c556a/2/EDUCA/.pilot-evidence/r3-t4-pilot-aggregate-20260909T230530Z-488626/children/legacy/r3-t1-legacy-pilot-e2e-20260909T230530Z-488702.json
PILOT_E2E_FINAL_RECEIPT: /home/shiv/.treehouse/EDUCA-7c556a/2/EDUCA/.pilot-evidence/r3-t4-pilot-aggregate-20260909T230530Z-488626/children/legacy/r3-t1-legacy-pilot-e2e-20260909T230530Z-488702.json
