
> educa@1.0.0 check:diff-typography /home/shiv/.treehouse/EDUCA-7c556a/2/EDUCA/app
> node scripts/check-no-new-em-dash.mjs

fatal: Not a valid object name main
node:internal/errors:986
  const err = new Error(message);
              ^

Error: Command failed: git merge-base main HEAD
fatal: Not a valid object name main

    at genericNodeError (node:internal/errors:986:15)
    at wrappedFn (node:internal/errors:540:14)
    at checkExecSyncError (node:child_process:942:11)
    at execFileSync (node:child_process:978:15)
    at file:///home/shiv/.treehouse/EDUCA-7c556a/2/EDUCA/app/scripts/check-no-new-em-dash.mjs:4:19
    at ModuleJob.run (node:internal/modules/esm/module_job:561:25)
    at async node:internal/modules/esm/loader:647:26
    at async asyncRunEntryPointWithESMLoader (node:internal/modules/run_main:101:5) {
  status: 128,
  signal: null,
  output: [ null, '', 'fatal: Not a valid object name main\n' ],
  pid: 717484,
  stdout: '',
  stderr: 'fatal: Not a valid object name main\n'
}

Node.js v24.20.0
 ELIFECYCLE  Command failed with exit code 1.
