
> educa@1.0.0 test /home/shiv/.treehouse/EDUCA-7c556a/2/EDUCA/app
> vitest run --maxWorkers\=2 --no-file-parallelism


 RUN  v4.1.10 /home/shiv/.treehouse/EDUCA-7c556a/2/EDUCA/app

[stdin]:5
    throw new Error('PILOT_APP_SERVER_ORIGIN_INVALID: direct origin must be loopback with the leased app port')
    ^

Error: PILOT_APP_SERVER_ORIGIN_INVALID: direct origin must be loopback with the leased app port
    at [stdin]:5:11
    at runScriptInThisContext (node:internal/vm:219:10)
    at node:internal/process/execution:451:12
    at [stdin]-wrapper:6:24
    at runScriptInContext (node:internal/process/execution:449:60)
    at evalFunction (node:internal/process/execution:283:30)
    at evalTypeScript (node:internal/process/execution:295:3)
    at node:internal/main/eval_stdin:51:5
    at Socket.<anonymous> (node:internal/process/execution:205:5)
    at Socket.emit (node:events:526:24)

Node.js v24.20.0
[stdin]:5
    throw new Error('PILOT_APP_SERVER_ORIGIN_INVALID: direct origin must be loopback with the leased app port')
    ^

Error: PILOT_APP_SERVER_ORIGIN_INVALID: direct origin must be loopback with the leased app port
    at [stdin]:5:11
    at runScriptInThisContext (node:internal/vm:219:10)
    at node:internal/process/execution:451:12
    at [stdin]-wrapper:6:24
    at runScriptInContext (node:internal/process/execution:449:60)
    at evalFunction (node:internal/process/execution:283:30)
    at evalTypeScript (node:internal/process/execution:295:3)
    at node:internal/main/eval_stdin:51:5
    at Socket.<anonymous> (node:internal/process/execution:205:5)
    at Socket.emit (node:events:526:24)

Node.js v24.20.0

 Test Files  124 passed | 3 skipped (127)
      Tests  1317 passed | 20 skipped (1337)
   Start at  21:14:59
   Duration  78.87s (transform 1.39s, setup 3.95s, import 19.74s, tests 20.61s, environment 24.40s)

