artifacts/educa-quality-prs-dev/checks/lint.log:12: new blank line at EOF.
artifacts/educa-quality-prs-dev/checks/test-bounded.log:47: new blank line at EOF.
artifacts/educa-quality-prs-dev/preservation/auth.push.txt:2: trailing whitespace.
+remote: 
artifacts/educa-quality-prs-dev/preservation/auth.push.txt:3: trailing whitespace.
+remote: Create a pull request for 'salvar/educa-quality-auth-20260908' on GitHub by visiting:        
artifacts/educa-quality-prs-dev/preservation/auth.push.txt:4: trailing whitespace.
+remote:      https://github.com/shishiv/EDUCA/pull/new/salvar/educa-quality-auth-20260908        
artifacts/educa-quality-prs-dev/preservation/auth.push.txt:5: trailing whitespace.
+remote: 
artifacts/educa-quality-prs-dev/preservation/contracts.push.txt:2: trailing whitespace.
+remote: 
artifacts/educa-quality-prs-dev/preservation/contracts.push.txt:3: trailing whitespace.
+remote: Create a pull request for 'salvar/educa-quality-contracts-20260908' on GitHub by visiting:        
artifacts/educa-quality-prs-dev/preservation/contracts.push.txt:4: trailing whitespace.
+remote:      https://github.com/shishiv/EDUCA/pull/new/salvar/educa-quality-contracts-20260908        
artifacts/educa-quality-prs-dev/preservation/contracts.push.txt:5: trailing whitespace.
+remote: 
artifacts/educa-quality-prs-dev/preservation/frequency.push.txt:2: trailing whitespace.
+remote: 
artifacts/educa-quality-prs-dev/preservation/frequency.push.txt:3: trailing whitespace.
+remote: Create a pull request for 'salvar/educa-quality-frequency-20260908' on GitHub by visiting:        
artifacts/educa-quality-prs-dev/preservation/frequency.push.txt:4: trailing whitespace.
+remote:      https://github.com/shishiv/EDUCA/pull/new/salvar/educa-quality-frequency-20260908        
artifacts/educa-quality-prs-dev/preservation/frequency.push.txt:5: trailing whitespace.
+remote: 
artifacts/educa-quality-prs-dev/preservation/integration.push.txt:2: trailing whitespace.
+remote: 
artifacts/educa-quality-prs-dev/preservation/integration.push.txt:3: trailing whitespace.
+remote: Create a pull request for 'refactor/educa-zero-slop-20260907' on GitHub by visiting:        
artifacts/educa-quality-prs-dev/preservation/integration.push.txt:4: trailing whitespace.
+remote:      https://github.com/shishiv/EDUCA/pull/new/refactor/educa-zero-slop-20260907        
artifacts/educa-quality-prs-dev/preservation/integration.push.txt:5: trailing whitespace.
+remote: 
artifacts/educa-quality-prs-dev/preservation/public.push.txt:2: trailing whitespace.
+remote: 
artifacts/educa-quality-prs-dev/preservation/public.push.txt:3: trailing whitespace.
+remote: Create a pull request for 'salvar/educa-quality-public-20260908' on GitHub by visiting:        
artifacts/educa-quality-prs-dev/preservation/public.push.txt:4: trailing whitespace.
+remote:      https://github.com/shishiv/EDUCA/pull/new/salvar/educa-quality-public-20260908        
artifacts/educa-quality-prs-dev/preservation/public.push.txt:5: trailing whitespace.
+remote: 
artifacts/educa-quality-prs-dev/preservation/readmodels.push.txt:2: trailing whitespace.
+remote: 
artifacts/educa-quality-prs-dev/preservation/readmodels.push.txt:3: trailing whitespace.
+remote: Create a pull request for 'salvar/educa-quality-readmodels-20260908' on GitHub by visiting:        
artifacts/educa-quality-prs-dev/preservation/readmodels.push.txt:4: trailing whitespace.
+remote:      https://github.com/shishiv/EDUCA/pull/new/salvar/educa-quality-readmodels-20260908        
artifacts/educa-quality-prs-dev/preservation/readmodels.push.txt:5: trailing whitespace.
+remote: 
artifacts/educa-quality-prs-dev/preservation/toolchain.push.txt:2: trailing whitespace.
+remote: 
artifacts/educa-quality-prs-dev/preservation/toolchain.push.txt:3: trailing whitespace.
+remote: Create a pull request for 'salvar/educa-quality-toolchain-20260908' on GitHub by visiting:        
artifacts/educa-quality-prs-dev/preservation/toolchain.push.txt:4: trailing whitespace.
+remote:      https://github.com/shishiv/EDUCA/pull/new/salvar/educa-quality-toolchain-20260908        
artifacts/educa-quality-prs-dev/preservation/toolchain.push.txt:5: trailing whitespace.
+remote: 
artifacts/educa-quality-prs-dev/preservation/validation.push.txt:2: trailing whitespace.
+remote: 
artifacts/educa-quality-prs-dev/preservation/validation.push.txt:3: trailing whitespace.
+remote: Create a pull request for 'salvar/educa-quality-validation-20260908' on GitHub by visiting:        
artifacts/educa-quality-prs-dev/preservation/validation.push.txt:4: trailing whitespace.
+remote:      https://github.com/shishiv/EDUCA/pull/new/salvar/educa-quality-validation-20260908        
artifacts/educa-quality-prs-dev/preservation/validation.push.txt:5: trailing whitespace.
+remote: 
